Copyright 1986-2022 Xilinx, Inc. All Rights Reserved. Copyright 2022-2024 Advanced Micro Devices, Inc. All Rights Reserved.
--------------------------------------------------------------------------------------------------------------------------------------------------------------------------------------------------------------
| Tool Version      : Vivado v.2024.1 (lin64) Build 5076996 Wed May 22 18:36:09 MDT 2024
| Date              : Wed Jan 22 19:36:36 2025
| Host              : pxdrom-VirtualBox running 64-bit Ubuntu 24.04.1 LTS
| Command           : report_bus_skew -warn_on_violation -file mlp_accel_design_wrapper_bus_skew_routed.rpt -pb mlp_accel_design_wrapper_bus_skew_routed.pb -rpx mlp_accel_design_wrapper_bus_skew_routed.rpx
| Design            : mlp_accel_design_wrapper
| Device            : xczu3eg-sbva484
| Speed File        : -1  PRODUCTION 1.30 05-15-2022
| Design State      : Routed
| Temperature Grade : I
--------------------------------------------------------------------------------------------------------------------------------------------------------------------------------------------------------------

Bus Skew Report

No bus skew constraints

